Testing query: How do I choose the right n8n trigger?

AI Answer:
### Governing Principles
The selection of the right n8n trigger type is governed by the principles of alignment with data arrival patterns, respect for latency, security, and cost constraints. Additionally, the trigger type should be chosen based on the specific needs of the workflow, such as integrating SaaS webhooks or scheduling tasks.

### Constraints
The constraints that influence the choice of n8n trigger type include:
- Latency: The trigger type should be able to handle the required latency for the workflow.
- Security: The trigger type should ensure the security of the data being processed.
- Cost: The trigger type should be cost-effective for the workflow.
- Auditability: The trigger type should provide adequate auditability for the workflow.
- Speed: The trigger type should be able to handle the required speed for the workflow.

### Trade-offs
The trade-offs that need to be considered when choosing an n8n trigger type include:
- Sync vs async: The choice between synchronous and asynchronous trigger types depends on the specific needs of the workflow.
- Designing SLA-aware workflows: The trigger type should be chosen based on the Service Level Agreement (SLA) requirements of the workflow.
- Auditability vs speed: The trigger type should balance the need for auditability with the need for speed in the workflow.

### Decision Rules
IF the workflow requires low latency and high security, THEN choose a trigger type that prioritizes these constraints.
IF the workflow requires high auditability, THEN choose a trigger type that provides detailed logging and monitoring capabilities.
IF the workflow requires high speed, THEN choose a trigger type that can handle the required throughput.

### Expert Conclusion
Choosing the right n8n trigger type requires a careful consideration of the workflow's specific needs and constraints. By evaluating the trade-offs between latency, security, cost, auditability, and speed, and applying the decision rules outlined above, users can select the most suitable trigger type for their workflow and ensure reliable, production-grade workflow execution.

Sources Used:
- How to Choose the Right n8n Trigger Type for Your Workflow > Conclusion (Score: 0.506)
Connection failed: 'charmap' codec can't encode character '\u2011' in position 70: character maps to <undefined>
